BOOKS: 1984 / Animal Farm / Cats / Harry Potter / Lord of the Rings / Watership Down / 
