RECOMMENDATION WITH: James
==========================
Flowers For Algernon 5.00
Harry Potter Series 5.00
Maus: A Survivor's Tale 5.00
My Sister's Keeper 5.00
Sabriel 5.00
To Kill a Mockingbird 5.00
The Golden Compass 4.33
The Hitchhiker's Guide To The Galaxy 4.33
The Lion the Witch and the Wardrobe 4.33
The Da Vinci Code 4.00
Holes 3.67
The Hobbit 3.67
The Lord of the Rings 3.67
Shattered 3.00
The Princess Bride 3.00
The War Of The Worlds 3.00
Watership Down 3.00
Hatchet 2.33
The Chrysalids 2.33
Eragon 2.00
Inkheart 2.00
Life of Pi 2.00
Lord of the Flies 2.00
The Great Gatsby 2.00
Bleach (graphic novel) 1.00
Speak 1.00

