RECOMMENDATION WITH: Carlos
===========================
1984 5.00
Cats 5.00
Lord of the Rings 5.00
Watership Down 5.00
Harry Potter 0.33

