RECOMMENDATION RATINGS
======================
A Great and Terrible Beauty / Bleach (graphic novel) / Bone Series / Brave New World / Dealing with Dragons / Dinotopia: A Land Apart from Time / Ender's Game / Eragon / Far North / Flowers For Algernon / Foundation Series / Harry Potter Series / Hatchet / Holes / I Know Why the Caged Bird Sings / Inkheart / Kiss the Dust / Life of Pi / Lord of the Flies / Maus: A Survivor's Tale / My Sister's Keeper / Naruto / Neuromancer / Nineteen Eighty-Four (1984) / Owl in Love / Practical Magic / Ranger's Apprentice Series / Sabriel / Shattered / Shonen Jump Series / Speak / The Bourne Series / The Chrysalids / The Da Vinci Code / The Five People You Meet in Heaven / The Golden Compass / The Great Gatsby / The Hitchhiker's Guide To The Galaxy / The Hobbit / The Hunger Games / The Hunt for Red October / The Joy Luck Club / The Lion the Witch and the Wardrobe / The Lord of the Rings / The Princess Bride / The Princess Diaries / The Shadow Club / The Sisterhood of the Travelling Pants / The Summer Tree / The War Of The Worlds / Thirteen Reasons Why / To Kill a Mockingbird / Twilight Series / Watership Down / 
Albus Dumbledore: 0 0 0 0 0 0 0 0 0 0 0 5 0 0 0 0 0 -3 0 0 0 0 0 0 0 0 0 0 0 0 0 0 0 0 0 0 0 0 0 0 0 0 0 0 0 -3 0 1 0 0 0 3 -5 0 
Alexandra: 0 0 0 0 0 0 0 0 0 0 0 0 0 0 0 0 0 -5 0 0 0 0 0 0 0 0 0 0 0 0 0 0 0 0 0 3 0 0 0 0 0 0 3 0 0 3 0 0 0 0 0 0 0 0 
Andrew: 0 0 0 1 0 0 5 0 0 3 3 3 5 0 3 0 0 3 3 5 0 1 5 5 0 0 0 0 0 -3 0 3 0 -3 1 3 1 3 3 0 3 1 5 5 0 0 0 0 0 3 0 3 0 3 
Anna-Carol: 0 0 0 0 0 0 0 0 0 0 0 0 3 3 0 0 0 0 0 0 0 0 0 0 0 0 0 0 0 0 0 0 0 0 3 0 0 0 3 0 0 0 3 0 0 0 0 1 0 0 0 1 5 0 
Apollo: 0 0 0 5 0 0 0 0 0 0 0 3 0 3 0 0 0 0 0 0 0 0 0 3 0 0 0 0 0 0 0 0 1 0 5 0 -5 0 -3 0 0 3 -5 0 0 1 0 3 0 0 0 3 0 0 
Ben: 0 0 5 0 5 0 5 5 5 0 0 5 5 5 0 5 0 1 0 0 0 0 0 0 0 0 5 0 5 0 0 0 -5 1 0 5 0 5 5 0 0 0 3 0 0 -3 5 1 0 5 0 1 -5 0 
Boxxy: 0 5 0 0 0 0 0 0 0 0 0 0 5 0 0 0 0 5 0 0 0 0 0 0 0 0 0 0 0 0 0 0 0 0 0 0 0 0 0 0 0 0 0 0 0 0 0 0 0 0 0 5 0 0 
Brian: 0 0 0 5 0 0 0 3 0 3 0 5 5 3 0 0 0 0 0 0 0 0 0 5 0 0 0 0 0 0 0 0 0 3 0 0 5 5 5 0 0 0 0 3 5 0 0 0 0 0 0 1 1 0 
Brix: 0 0 0 3 0 0 0 0 0 0 0 0 0 0 0 0 0 0 1 0 0 0 0 3 0 0 0 0 0 0 0 0 3 0 0 0 1 1 0 0 0 0 0 0 0 0 0 0 0 0 0 -3 0 0 
Cedric Jones: 0 0 0 0 0 0 0 0 0 0 0 0 3 5 0 0 0 -5 5 0 0 0 0 0 0 0 0 0 0 0 0 5 0 3 0 0 0 0 0 0 5 0 0 0 0 0 0 0 0 5 0 1 0 0 
Chrispeh: 0 0 0 0 0 0 0 0 0 0 0 0 0 0 0 0 0 -5 0 0 0 0 0 0 0 0 0 0 0 0 0 0 0 0 0 0 0 0 0 0 0 0 0 0 0 0 0 0 0 0 0 3 0 0 
Claire: 0 0 0 -3 0 0 0 3 0 5 0 5 3 5 0 1 0 1 3 0 0 0 0 0 0 0 0 5 0 0 0 0 1 3 0 5 1 5 5 0 0 0 5 5 0 1 0 5 0 1 0 5 -5 3 
Clipper: 3 0 0 0 0 0 0 0 0 0 0 5 0 0 0 0 0 3 -3 0 0 0 0 0 0 0 0 0 0 0 0 0 0 0 0 5 0 5 5 0 0 3 5 5 0 0 0 1 0 0 0 1 0 0 
Crom: 0 0 0 0 0 0 0 0 0 0 0 0 0 0 0 0 0 0 5 0 0 0 0 5 0 0 0 0 0 0 0 0 0 -3 3 0 5 0 3 0 0 0 0 3 0 0 0 0 0 0 0 5 0 0 
Cust1: 0 0 5 1 0 0 3 3 0 1 3 3 0 0 0 0 0 3 0 0 0 0 3 1 0 0 0 0 0 0 0 0 0 3 5 3 0 3 1 0 0 0 3 3 5 0 0 0 3 0 0 0 0 3 
Cust10: 0 0 0 5 0 0 5 0 0 5 0 3 0 0 1 0 0 5 -3 5 0 0 3 5 0 0 0 0 0 0 0 0 0 -5 0 0 0 5 0 0 0 0 3 0 3 0 0 0 0 0 0 3 0 0 
Cust2: 0 0 3 0 0 0 0 1 0 0 0 3 0 0 0 0 0 0 1 0 0 0 0 3 0 0 0 0 0 0 0 0 3 0 0 0 0 3 5 0 0 3 5 3 0 0 0 0 0 3 0 0 0 0 
Cust3: 0 5 1 0 0 0 0 1 0 0 0 5 1 3 0 3 0 0 0 0 0 5 0 0 0 0 0 0 0 0 -3 0 0 0 0 -3 0 0 1 0 0 0 0 0 0 0 0 0 0 0 0 0 0 0 
Cust4: 0 0 0 0 0 0 0 -5 0 0 0 5 0 0 0 0 0 0 0 0 0 0 0 0 0 0 0 0 0 0 0 0 -3 0 0 -5 0 0 -3 0 0 0 0 0 0 0 0 5 0 0 0 0 5 0 
Cust5: 0 0 0 0 5 0 0 0 0 3 0 5 3 3 0 0 0 0 0 3 0 0 0 5 0 0 0 0 0 0 0 0 0 0 0 3 0 0 5 0 0 0 3 5 0 0 0 0 0 0 0 5 0 -3 
Cust6: 5 0 0 0 1 0 1 3 0 0 3 5 0 5 -3 5 0 0 3 0 3 0 0 0 0 0 0 3 0 0 3 0 1 5 3 5 1 1 0 1 3 0 0 0 0 5 -3 5 0 3 3 0 3 1 
Cust7: 0 -3 0 0 0 0 5 3 0 0 0 5 0 0 0 0 0 0 0 0 0 1 0 0 0 0 0 0 0 0 0 5 5 0 0 0 0 0 0 0 0 0 5 0 0 0 0 0 0 5 0 0 5 0 
Cust8: 0 5 5 0 0 0 0 5 0 0 0 5 5 5 0 3 0 0 5 0 5 0 0 0 0 0 0 0 0 0 5 3 5 5 0 3 0 3 5 0 0 0 5 5 5 3 0 5 0 5 0 5 5 0 
Cust9: 0 0 0 0 0 0 3 0 0 5 3 0 0 0 0 0 0 0 1 0 0 0 0 0 0 0 0 0 0 0 0 0 3 0 0 0 0 5 0 0 0 0 0 -3 0 0 0 0 0 0 0 1 0 0 
David: 0 0 0 0 0 0 0 1 0 0 0 1 0 0 0 -5 0 0 0 0 0 0 0 0 0 0 0 0 0 0 0 0 5 0 0 5 0 0 0 0 0 0 0 0 0 0 0 0 0 0 0 0 0 0 
Dencellia: 0 3 0 0 0 0 0 0 0 0 0 5 0 0 0 0 0 0 -3 0 0 1 0 0 0 0 0 0 0 3 0 0 0 0 0 0 0 0 3 0 0 0 0 -3 0 0 0 0 0 0 0 1 3 0 
Don Wang: 0 0 0 0 0 0 0 3 0 0 0 3 0 3 0 0 0 1 0 0 0 0 0 0 0 0 0 0 0 0 0 0 0 0 0 0 0 0 3 0 0 0 0 0 0 0 0 0 0 0 0 1 0 0 
Douglas Anderson: 0 0 0 5 0 0 0 3 0 3 0 5 5 3 0 0 0 0 0 0 0 0 0 5 0 0 0 0 0 0 0 0 0 3 0 0 5 5 5 0 0 0 0 3 5 0 0 0 0 0 0 1 1 0 
Dude: 0 0 5 0 0 0 0 0 0 0 0 3 0 3 0 3 0 0 0 0 0 0 0 0 0 0 0 0 0 0 0 0 0 0 0 0 0 0 -3 0 0 0 0 0 0 0 0 0 0 0 0 3 0 0 
Ella: 0 0 0 0 0 0 1 1 0 0 0 0 0 5 0 3 0 -5 0 0 0 0 0 0 0 0 0 0 0 0 0 0 0 0 0 3 0 0 0 0 0 0 1 0 3 3 0 3 0 0 0 -5 5 0 
Ender: 0 0 0 0 0 0 5 0 0 0 5 0 0 0 0 0 0 0 0 0 0 0 1 0 0 0 0 0 0 0 0 3 3 3 0 0 0 5 3 0 0 0 0 5 0 0 0 0 0 5 0 0 0 0 
Francois: 0 0 5 1 0 0 3 3 0 1 3 3 0 0 0 0 0 3 0 0 0 0 3 1 0 0 0 0 0 0 0 0 0 3 5 3 0 3 1 0 0 0 3 3 5 0 0 0 3 0 0 0 0 3 
Hamza ALi: 0 0 0 0 0 3 0 1 0 0 0 3 0 5 0 5 0 5 -3 0 3 -5 0 0 0 0 0 0 0 0 0 0 0 5 0 1 1 0 -5 0 0 0 5 1 0 1 0 -5 0 0 0 -3 3 0 
Harry Potter: 0 1 0 0 0 0 1 0 0 0 0 5 0 0 0 0 0 0 1 0 0 1 0 3 0 0 0 0 0 0 0 0 0 -5 0 0 0 0 0 0 0 0 0 3 0 0 0 0 0 0 0 0 0 0 
Hidan: 0 5 0 0 0 0 0 5 0 0 0 5 0 5 0 0 0 5 0 0 0 5 0 0 0 0 0 0 0 5 0 0 0 0 0 0 0 0 5 0 3 0 3 5 0 0 0 0 0 0 0 0 0 0 
Hideo: 0 0 0 0 0 0 0 5 0 0 0 5 0 5 0 0 0 -5 0 0 0 0 0 0 0 0 1 0 0 0 0 0 0 0 -3 0 0 0 5 0 0 0 3 5 0 0 0 0 0 0 0 1 0 0 
Huxil: 0 0 0 0 0 0 0 0 0 0 0 0 0 0 0 0 0 0 0 0 0 0 0 0 0 0 0 0 0 0 0 3 0 0 0 0 0 0 3 0 0 0 1 0 0 0 0 0 0 1 0 0 0 0 
I. Ned: 0 0 0 -3 0 0 0 3 0 0 0 1 1 0 0 0 0 0 3 0 0 0 0 0 0 0 0 0 0 0 0 0 -3 1 0 3 0 0 0 0 0 3 1 0 0 0 0 0 0 0 0 1 -3 0 
Iren: 0 0 0 0 0 0 0 5 0 0 0 5 0 3 0 1 0 0 0 0 0 5 0 0 0 0 0 0 0 5 0 0 -5 0 0 0 0 0 3 0 0 0 1 5 0 0 0 0 0 3 0 0 1 0 
J-Rok: 0 0 1 0 0 0 0 0 0 0 0 -5 0 0 0 0 0 -3 0 0 0 0 0 0 0 0 0 0 0 0 0 0 0 0 0 0 0 5 0 0 0 0 0 0 0 0 0 0 0 0 0 0 -5 0 
Jaluka: 0 0 0 3 0 0 0 0 0 0 0 0 0 0 0 0 0 0 0 0 0 0 0 3 0 0 0 0 0 0 0 0 0 1 0 0 0 0 0 0 0 5 0 0 0 0 0 0 0 0 0 5 0 5 
James: 0 -5 0 -5 0 0 0 0 0 0 3 1 5 3 0 0 0 3 1 0 0 -5 0 0 0 0 0 0 0 0 0 0 5 0 0 5 0 3 5 0 0 0 5 -5 1 1 0 -3 0 -3 0 -3 -5 1 
Jeremy: 0 0 0 0 0 0 0 0 0 0 0 0 0 0 0 0 0 -5 0 0 0 0 0 0 0 0 0 0 0 0 0 0 0 0 0 3 0 0 0 0 0 0 3 0 0 3 0 0 0 0 0 0 0 0 
Jim C: 0 0 0 3 0 0 0 0 0 3 3 0 0 0 0 0 0 5 0 0 0 0 0 0 0 0 0 0 0 0 0 0 0 0 0 0 1 5 3 0 0 3 5 3 0 0 0 0 0 0 0 0 0 3 
Joe: 0 3 1 0 0 1 5 1 0 0 0 3 0 0 0 1 0 3 3 0 0 3 1 3 0 3 0 0 0 5 0 1 0 3 0 5 5 3 5 0 0 0 3 1 0 0 0 0 0 0 0 5 1 0 
Joshua: 0 0 0 0 0 0 0 0 0 0 0 5 0 0 0 0 0 -5 0 0 0 0 0 0 0 0 0 0 0 0 0 0 0 0 0 0 0 0 0 0 0 0 0 0 0 -3 0 1 0 0 0 3 -5 0 
KeeLed: 0 0 0 0 0 0 0 5 0 0 0 5 0 5 0 5 0 0 -3 0 5 0 -3 0 0 0 0 0 0 0 5 0 0 5 0 5 0 0 1 0 0 0 0 3 0 5 0 5 0 0 0 1 5 0 
Leah: 0 0 0 0 0 0 0 0 0 0 0 0 0 0 0 0 0 0 0 0 0 3 0 0 0 0 0 0 0 1 0 0 0 0 0 0 0 0 0 0 0 0 0 0 0 0 0 0 0 0 0 0 0 0 
Leslie: 0 0 0 0 0 0 0 5 0 0 0 -5 0 5 0 0 0 -5 0 0 0 0 0 0 0 0 0 0 0 0 0 5 0 5 0 0 0 5 5 0 0 0 0 5 0 0 0 0 0 0 0 5 0 0 
Ma: 0 0 0 -3 0 0 0 0 0 0 0 3 0 0 5 0 0 3 -3 0 0 0 0 -3 0 0 0 0 0 0 0 0 0 3 0 0 0 0 -3 0 0 0 3 -3 0 0 0 0 0 0 0 0 0 0 
Mark: 0 3 0 3 0 0 5 3 0 0 0 0 0 0 0 0 0 3 1 0 0 3 0 0 0 0 0 0 0 0 0 0 5 3 0 0 3 5 0 0 0 0 1 0 0 0 0 0 0 0 0 5 0 3 
Martin: 0 0 0 0 0 0 3 -3 0 0 0 5 0 0 0 0 0 0 -3 0 0 0 0 -3 0 0 0 0 0 0 0 0 0 0 0 0 -3 1 5 0 3 1 0 3 0 0 0 0 0 -3 0 0 0 -3 
Matt C: 0 0 0 0 0 0 5 5 3 0 0 5 0 3 0 0 0 0 1 0 0 0 0 0 0 0 5 0 3 0 0 3 0 5 0 0 -3 0 5 0 0 0 3 5 0 0 3 0 3 0 0 1 0 3 
McLean: 0 0 0 5 0 0 0 5 0 0 0 5 0 5 0 3 0 3 0 0 0 0 0 5 0 0 0 0 0 0 0 0 5 5 0 0 0 0 5 0 0 0 0 0 0 0 0 0 0 1 0 5 0 0 
McLovin: 0 0 0 0 0 0 0 0 0 0 0 -3 0 0 0 0 0 -5 5 0 0 0 0 0 0 0 0 0 0 0 0 0 0 3 0 0 0 0 0 0 0 0 3 3 0 0 0 0 0 0 0 -5 0 0 
Megan: 0 0 0 0 0 0 5 3 0 1 0 5 0 5 0 5 0 0 1 0 0 5 0 0 0 0 0 0 0 0 0 5 0 3 0 3 1 5 5 0 0 0 5 5 5 0 0 0 0 5 0 3 5 5 
Mike: 0 0 0 3 0 0 5 0 0 5 5 3 0 0 0 0 0 3 0 5 0 0 3 3 0 0 0 0 0 0 0 5 0 1 0 5 0 5 3 0 3 0 5 5 0 0 0 0 0 0 0 5 0 0 
Mike Williams: 0 0 0 0 0 0 5 5 0 0 5 5 5 3 0 3 0 5 3 0 0 0 0 0 0 0 0 0 0 0 0 0 0 5 5 5 0 3 -3 5 0 0 1 1 0 0 0 0 0 0 0 1 3 0 
Moose: 0 0 0 0 0 0 5 -3 0 0 3 5 0 0 0 3 0 0 5 0 0 0 3 5 0 0 0 0 0 0 0 0 0 1 0 0 5 5 5 0 3 0 5 5 0 0 0 0 5 3 0 3 0 5 
NaRwHaLs: 0 0 0 0 0 0 5 5 0 0 0 -3 0 3 0 0 0 -5 0 0 0 5 5 0 0 0 0 5 0 0 0 0 0 0 0 0 0 5 5 0 0 0 3 5 0 0 0 0 0 0 0 0 0 0 
Nathan: 0 0 0 0 0 3 0 1 0 0 0 3 0 5 0 5 0 5 -3 0 3 -5 0 0 0 0 0 0 0 0 0 0 0 5 0 1 1 0 -5 0 0 0 5 1 0 1 0 -5 0 0 0 -3 3 0 
NuNu: 0 0 0 0 0 0 0 0 0 0 0 3 0 3 0 3 0 1 3 0 0 0 0 0 0 0 0 0 0 0 0 0 0 0 0 1 0 0 0 0 0 0 0 0 0 0 0 1 0 0 0 3 5 0 
Ocelot: 0 0 0 3 0 0 5 0 0 1 0 3 0 0 0 0 0 5 3 0 0 0 5 3 1 0 0 0 0 0 0 0 0 0 0 5 3 5 3 0 0 0 3 0 0 0 0 0 0 1 0 3 -3 1 
Pablo Sanchez: 0 0 3 0 0 0 0 3 0 0 0 0 0 1 0 0 0 3 0 0 0 0 0 0 0 0 0 0 0 0 0 0 0 0 0 0 0 0 0 0 0 0 0 0 0 0 0 0 0 0 0 0 0 0 
ParseClaws: 0 1 3 5 0 0 3 0 0 5 0 3 0 3 0 0 0 0 3 0 0 1 0 5 0 0 0 0 0 0 0 0 -3 -5 3 0 3 5 0 0 0 0 1 0 0 0 0 0 0 0 0 3 -5 5 
Priscilla: 0 0 0 5 0 0 3 0 0 0 5 0 0 0 0 0 0 3 0 0 0 0 0 5 0 3 0 0 0 0 0 0 -3 0 0 0 1 5 1 0 3 0 1 -3 0 0 0 0 0 1 0 0 0 0 
ROFLOL: 0 0 0 0 0 0 3 5 0 0 0 5 5 5 0 5 0 -5 0 0 5 5 0 0 0 0 0 0 0 0 0 5 0 3 0 5 0 5 5 0 0 0 5 5 5 3 0 0 0 0 0 0 5 0 
Reuven: 0 0 0 0 1 0 5 -3 0 3 -3 5 3 1 0 -3 0 1 -5 0 0 0 1 3 0 0 1 0 1 0 0 0 3 1 0 1 0 5 3 1 0 0 1 1 0 -5 0 -5 0 5 0 -5 -5 -5 
Rosanna: 0 0 0 0 0 0 3 0 0 0 0 5 0 5 0 0 0 1 1 0 0 1 0 0 0 0 0 0 0 0 0 0 0 5 0 0 -3 0 -3 0 0 0 5 0 0 5 0 0 0 0 0 1 5 0 
Rudy A: 0 0 0 0 0 0 0 0 0 0 0 3 5 0 0 0 0 1 0 0 0 0 0 0 0 0 0 0 0 0 0 0 0 0 0 0 0 0 0 0 0 0 0 0 0 0 0 0 0 0 0 3 0 0 
Rudy Ann: 0 0 0 0 0 0 0 0 0 0 0 3 1 1 0 0 0 -5 0 0 0 0 0 0 0 0 0 0 0 0 0 0 0 0 0 0 0 0 0 0 0 0 0 0 0 0 0 0 0 0 0 -3 0 0 
Sage32: 0 0 0 3 0 0 0 0 0 0 0 5 1 3 0 0 0 0 3 0 0 0 0 0 0 0 0 0 0 3 0 0 5 3 0 0 0 0 0 0 0 1 0 0 5 1 0 -3 0 0 0 3 -5 0 
Sam: 0 0 0 0 0 0 0 0 0 0 0 0 0 0 0 0 0 -3 0 0 0 0 0 0 0 0 0 0 1 0 0 0 0 3 0 0 0 0 0 0 0 0 0 0 0 0 0 0 0 0 1 1 0 3 
Sanity: 0 5 0 0 0 0 0 0 0 0 0 5 0 0 0 0 0 3 5 0 0 0 0 0 0 0 0 0 0 0 0 0 0 0 0 0 0 0 0 0 0 0 5 0 0 0 0 0 0 0 0 0 0 0 
Scream: 0 0 0 0 0 0 0 0 0 0 0 3 0 0 0 0 0 -5 0 0 0 0 0 0 0 0 0 0 0 0 0 0 0 0 0 0 0 0 0 0 0 0 0 0 0 0 0 0 0 0 0 0 -5 0 
Shannon: 0 0 5 0 0 0 0 5 0 0 0 5 0 5 0 5 0 -5 0 0 5 5 0 0 0 0 0 0 0 0 0 5 0 5 0 5 0 3 5 0 0 0 5 5 5 5 0 0 0 5 0 0 5 0 
Sidney: 0 5 3 1 0 0 0 5 0 0 0 5 5 0 0 3 0 3 3 0 0 5 0 0 0 0 0 0 0 3 0 0 0 0 0 0 1 0 5 0 0 0 3 5 0 0 0 0 0 0 0 0 0 0 
Snoosh: 0 0 -5 5 0 0 0 3 0 0 0 5 5 3 0 0 0 1 1 0 0 0 0 0 0 0 0 0 0 0 0 0 0 0 0 -3 0 0 5 0 0 0 5 5 0 0 0 0 0 0 0 0 0 0 
Strongbad: 0 0 0 -5 0 0 0 0 0 0 0 5 1 1 -3 0 0 3 0 5 0 0 0 -5 0 0 0 0 0 0 0 0 3 0 -3 5 0 5 1 0 0 0 3 1 0 0 0 -5 0 0 0 0 0 0 
SubRia: 0 0 0 0 0 0 0 3 0 0 0 0 3 0 0 5 0 -3 3 0 1 0 0 0 0 0 0 0 0 0 0 3 0 5 0 -3 0 0 3 0 0 0 3 3 -5 0 0 0 0 0 0 1 0 0 
Tiffany: 0 1 -3 0 0 0 0 1 0 0 0 5 3 5 0 3 0 0 1 0 5 -5 0 0 0 0 0 0 3 0 1 0 3 5 0 3 3 3 5 0 0 0 5 5 3 -3 0 -3 0 5 0 5 -5 0 
Tony: 1 1 -5 1 1 -5 1 0 -5 -5 -5 0 0 -3 -5 1 1 0 5 -5 3 -5 1 0 1 -5 -5 3 1 0 -5 0 1 -5 -5 0 5 -5 5 3 1 0 0 5 1 -5 -5 1 1 1 -5 3 0 -5 
YJAM: 0 0 0 0 0 0 0 3 0 0 0 0 0 3 0 0 0 0 0 0 0 0 0 0 0 0 0 0 0 0 0 0 0 0 0 0 0 0 5 0 0 0 1 5 0 0 0 0 0 5 0 0 3 0 
Zachary: 0 0 0 0 0 0 0 3 0 0 0 0 0 5 0 1 0 0 0 0 0 5 0 0 0 0 0 0 0 5 0 0 0 0 0 1 0 0 5 0 0 0 0 0 0 0 0 0 0 0 0 0 0 0 
Zax: 1 0 3 0 0 0 0 5 0 0 0 5 0 0 0 0 0 0 0 0 0 0 0 0 0 0 0 0 0 0 0 0 1 0 0 0 0 0 5 0 0 0 5 5 5 0 0 0 0 0 0 0 0 3 
