DOT PRODUCTS FOR RECOMMENDER: Kalid
===================================
Bob: 0 * 0 + -3 * 0 + 0 * 5 + 3 * -3 + 0 * 5 + 5 * 0 +  = -9
Carlos: 0 * -5 + -3 * 1 + 0 * 0 + 3 * 5 + 0 * 0 + 5 * 0 +  = 12
Suelyn: 0 * 5 + -3 * -3 + 0 * 0 + 3 * 1 + 0 * 0 + 5 * 0 +  = 12
