Sabriel 4.00
The Bourne Series 3.86
The Hitchhiker's Guide To The Galaxy 3.83
Ender's Game 3.81
My Sister's Keeper 3.80
Harry Potter Series 3.61
Hatchet 3.58
Holes 3.57
The Princess Bride 3.50
The Lion the Witch and the Wardrobe 3.24
The Lord of the Rings 3.04
Maus: A Survivor's Tale 3.00
Shonen Jump Series 3.00
The Hunt for Red October 3.00
The Summer Tree 3.00
The Hobbit 2.85
Nineteen Eighty-Four (1984) 2.83
The War Of The Worlds 2.83
Inkheart 2.77
The Golden Compass 2.76
Eragon 2.72
Flowers For Algernon 2.62
Dealing with Dragons 2.60
Foundation Series 2.57
The Joy Luck Club 2.56
A Great and Terrible Beauty 2.50
The Hunger Games 2.50
Neuromancer 2.38
Bleach (graphic novel) 2.33
Shattered 2.33
The Da Vinci Code 2.25
Bone Series 2.06
Brave New World 1.88
The Five People You Meet in Heaven 1.83
To Kill a Mockingbird 1.77
Watership Down 1.70
The Great Gatsby 1.58
The Chrysalids 1.56
Naruto 1.52
Ranger's Apprentice Series 1.40
Lord of the Flies 1.36
Far North 1.00
Kiss the Dust 1.00
Owl in Love 1.00
Speak 1.00
The Princess Diaries 0.90
Dinotopia: A Land Apart from Time 0.50
Twilight Series 0.47
The Sisterhood of the Travelling Pants 0.43
Practical Magic 0.33
Life of Pi 0.22
The Shadow Club 0.00
I Know Why the Caged Bird Sings -0.33
Thirteen Reasons Why -0.33
