BOOKS: A Great and Terrible Beauty / Bleach (graphic novel) / Bone Series / Brave New World / Dealing with Dragons / Dinotopia: A Land Apart from Time / Ender's Game / Eragon / Far North / Flowers For Algernon / Foundation Series / Harry Potter Series / Hatchet / Holes / I Know Why the Caged Bird Sings / Inkheart / Kiss the Dust / Life of Pi / Lord of the Flies / Maus: A Survivor's Tale / My Sister's Keeper / Naruto / Neuromancer / Nineteen Eighty-Four (1984) / Owl in Love / Practical Magic / Ranger's Apprentice Series / Sabriel / Shattered / Shonen Jump Series / Speak / The Bourne Series / The Chrysalids / The Da Vinci Code / The Five People You Meet in Heaven / The Golden Compass / The Great Gatsby / The Hitchhiker's Guide To The Galaxy / The Hobbit / The Hunger Games / The Hunt for Red October / The Joy Luck Club / The Lion the Witch and the Wardrobe / The Lord of the Rings / The Princess Bride / The Princess Diaries / The Shadow Club / The Sisterhood of the Travelling Pants / The Summer Tree / The War Of The Worlds / Thirteen Reasons Why / To Kill a Mockingbird / Twilight Series / Watership Down / 
